
ERROR: One or more internal errors have occurred in residue type setup for + (cry, Z)
In chi #1, the base of the third atom ( C22) is  N3 , rather than the second atom of the chi ( O5 )
In chi #1, the base of the fourth atom ( C17) is  C5 , rather than the third atom of the chi ( C22)

ERROR:: Exit from: src/core/chemical/ResidueType.cc line: 2135

[ ERROR ]: Caught exception:


File: src/core/chemical/ResidueType.cc:2135
[ ERROR ] UtilityExitException
ERROR: One or more internal errors have occurred in residue type setup for + (cry, Z)
In chi #1, the base of the third atom ( C22) is  N3 , rather than the second atom of the chi ( O5 )
In chi #1, the base of the fourth atom ( C17) is  C5 , rather than the third atom of the chi ( C22)



 ------------------------ Begin developer's backtrace ------------------------- 
BACKTRACE:
/data/project/thymelab/running_Rosetta/ari_work/Rosetta_Code_copy/main/source/build/src/release/linux/3.10/64/x86/gcc/8.2/default/libcore.6.so(backtrace_string(int)+0x39) [0x2aaab4e79d79]
/data/project/thymelab/running_Rosetta/ari_work/Rosetta_Code_copy/main/source/build/src/release/linux/3.10/64/x86/gcc/8.2/default/libutility.so(utility::excn::Exception::Exception(char const*, int, std::string const&)+0x51) [0x2aaaba24fda1]
/data/project/thymelab/running_Rosetta/ari_work/Rosetta_Code_copy/main/source/build/src/release/linux/3.10/64/x86/gcc/8.2/default/libutility.so(utility::exit(char const*, int, std::string const&, int)+0xa5) [0x2aaaba2f4f15]
/data/project/thymelab/running_Rosetta/ari_work/Rosetta_Code_copy/main/source/build/src/release/linux/3.10/64/x86/gcc/8.2/default/libcore.2.so(core::chemical::ResidueType::perform_checks() const+0x891) [0x2aaab8ccf4a1]
/data/project/thymelab/running_Rosetta/ari_work/Rosetta_Code_copy/main/source/build/src/release/linux/3.10/64/x86/gcc/8.2/default/libcore.2.so(core::chemical::ResidueType::make(core::chemical::MutableResidueType const&)+0xb0) [0x2aaab8cddbf0]
/data/project/thymelab/running_Rosetta/ari_work/Rosetta_Code_copy/main/source/build/src/release/linux/3.10/64/x86/gcc/8.2/default/libcore.2.so(core::chemical::ResidueTypeSet::add_base_residue_type(std::shared_ptr<core::chemical::MutableResidueType>)+0xb5) [0x2aaab8d18d85]
/data/project/thymelab/running_Rosetta/ari_work/Rosetta_Code_copy/main/source/build/src/release/linux/3.10/64/x86/gcc/8.2/default/libcore.2.so(core::chemical::GlobalResidueTypeSet::init_restypes_from_database()+0x8cd) [0x2aaab8bdf4bd]
/data/project/thymelab/running_Rosetta/ari_work/Rosetta_Code_copy/main/source/build/src/release/linux/3.10/64/x86/gcc/8.2/default/libcore.2.so(core::chemical::GlobalResidueTypeSet::GlobalResidueTypeSet(std::string const&, std::string const&)+0x199) [0x2aaab8bebaa9]
/data/project/thymelab/running_Rosetta/ari_work/Rosetta_Code_copy/main/source/bin/neighbor.linuxgccrelease() [0x409d16]
/lib64/libc.so.6(__libc_start_main+0xf5) [0x2aaabc23c555]
/data/project/thymelab/running_Rosetta/ari_work/Rosetta_Code_copy/main/source/bin/neighbor.linuxgccrelease() [0x40c1b7]
 ------------------------- End developer's backtrace -------------------------- 


AN INTERNAL ERROR HAS OCCURED. PLEASE SEE THE CONTENTS OF ROSETTA_CRASH.log FOR DETAILS.


