
ERROR: One or more internal errors have occurred in residue type setup for + (cry, Z)
In chi #1, the base of the third atom ( C14) is  C15, rather than the second atom of the chi ( C17)
In chi #1, the base of the fourth atom ( C10) is  C8 , rather than the third atom of the chi ( C14)

ERROR:: Exit from: src/core/chemical/ResidueType.cc line: 2135

[ ERROR ]: Caught exception:


File: src/core/chemical/ResidueType.cc:2135
[ ERROR ] UtilityExitException
ERROR: One or more internal errors have occurred in residue type setup for + (cry, Z)
In chi #1, the base of the third atom ( C14) is  C15, rather than the second atom of the chi ( C17)
In chi #1, the base of the fourth atom ( C10) is  C8 , rather than the third atom of the chi ( C14)



 ------------------------ Begin developer's backtrace ------------------------- 
BACKTRACE:
/data/project/thymelab/running_Rosetta/ari_work/Rosetta_Code_copy/main/source/build/src/release/linux/3.10/64/x86/gcc/8.2/default/libcore.6.so(backtrace_string(int)+0x39) [0x2aaab4f27539]
/data/project/thymelab/running_Rosetta/ari_work/Rosetta_Code_copy/main/source/build/src/release/linux/3.10/64/x86/gcc/8.2/default/libutility.so(utility::excn::Exception::Exception(char const*, int, std::string const&)+0x51) [0x2aaaba1c4491]
/data/project/thymelab/running_Rosetta/ari_work/Rosetta_Code_copy/main/source/build/src/release/linux/3.10/64/x86/gcc/8.2/default/libutility.so(utility::exit(char const*, int, std::string const&, int)+0xa5) [0x2aaaba18c5d5]
/data/project/thymelab/running_Rosetta/ari_work/Rosetta_Code_copy/main/source/build/src/release/linux/3.10/64/x86/gcc/8.2/default/libcore.2.so(core::chemical::ResidueType::perform_checks() const+0x891) [0x2aaab8b4ec91]
/data/project/thymelab/running_Rosetta/ari_work/Rosetta_Code_copy/main/source/build/src/release/linux/3.10/64/x86/gcc/8.2/default/libcore.2.so(core::chemical::ResidueType::make(core::chemical::MutableResidueType const&)+0xb0) [0x2aaab8b5d3e0]
/data/project/thymelab/running_Rosetta/ari_work/Rosetta_Code_copy/main/source/build/src/release/linux/3.10/64/x86/gcc/8.2/default/libcore.2.so(core::chemical::ResidueTypeSet::add_base_residue_type(std::shared_ptr<core::chemical::MutableResidueType>)+0xb5) [0x2aaab8b9a125]
/data/project/thymelab/running_Rosetta/ari_work/Rosetta_Code_copy/main/source/build/src/release/linux/3.10/64/x86/gcc/8.2/default/libcore.2.so(core::chemical::GlobalResidueTypeSet::init_restypes_from_database()+0x8cd) [0x2aaab8a5b16d]
/data/project/thymelab/running_Rosetta/ari_work/Rosetta_Code_copy/main/source/build/src/release/linux/3.10/64/x86/gcc/8.2/default/libcore.2.so(core::chemical::GlobalResidueTypeSet::GlobalResidueTypeSet(std::string const&, std::string const&)+0x199) [0x2aaab8a67759]
/data/project/thymelab/running_Rosetta/ari_work/Rosetta_Code_copy/main/source/bin/neighbor.linuxgccrelease() [0x409d16]
/lib64/libc.so.6(__libc_start_main+0xf5) [0x2aaabc26d555]
/data/project/thymelab/running_Rosetta/ari_work/Rosetta_Code_copy/main/source/bin/neighbor.linuxgccrelease() [0x40c1b7]
 ------------------------- End developer's backtrace -------------------------- 


AN INTERNAL ERROR HAS OCCURED. PLEASE SEE THE CONTENTS OF ROSETTA_CRASH.log FOR DETAILS.


