********  (C) Copyright Rosetta Commons Member Institutions.  ***************
* Use of Rosetta for commercial purposes may require purchase of a license. *
********  See LICENSE.md or email license@uw.edu for more details. **********
core.init: Checking for fconfig files in pwd and ./rosetta/flags 
core.init: Rosetta version: 2024.19.post.dev+283.updatedliganddiscoverysearchcodeagmay2024.10ed978 10ed97813f1920392b632603a23dedae0d4f102d https://github.com/RosettaCommons/rosetta.git 2024-10-15T12:35:46
core.init: Rosetta extras: []
core.init: command: /scratch/abgvg9/rosetta_may_for_checkin/rosetta//source/bin/ligand_discovery_search_protocol.linuxgccrelease @xiap_res_70_0_args
basic.random.init_random_generator: Constant seed mode, seed=1111111 seed_offset=0 real_seed=1111111
basic.random.init_random_generator: RandomGenerator:init: Normal mode, seed=1111111 RG_type=mt19937
core.init: Resolved executable path: /scratch/abgvg9/rosetta_may_for_checkin/rosetta/source/build/src/release/linux/3.10/64/x86/gcc/8.2/default/ligand_discovery_search_protocol.default.linuxgccrelease
core.init: Looking for database based on location of executable: /scratch/abgvg9/rosetta_may_for_checkin/rosetta/database/
LDS_app: Making Pose of input pdb file(s)
protocols.motifs.motif_utils: Got filename
protocols.motifs.motif_utils: Made motiflibrary
core.chemical.GlobalResidueTypeSet: Finished initializing fa_standard residue type set.  Created 985 residue types
core.chemical.GlobalResidueTypeSet: Total time to initialize 0.86 seconds.
protocols.motifs.motif_utils: added motifs from file
LDS_app: Collected motifs library with 1649258 motifs. 
core.chemical.GlobalResidueTypeSet: For ResidueTypeSet fa_standard there is no exclude_pdb_component_list.txt file to list known PDB ids.
core.chemical.GlobalResidueTypeSet:     This will turn off PDB component loading for ResidueTypeSet fa_standard
core.chemical.GlobalResidueTypeSet:     Expected file: /data/user/abgvg9/benchmark/files/all/xiap/test_params/exclude_pdb_component_list.txt
core.chemical.GlobalResidueTypeSet: Finished initializing fa_standard residue type set.  Created 1 residue types
core.chemical.GlobalResidueTypeSet: Total time to initialize 0.38 seconds.
core.import_pose.import_pose: File '/data/user/abgvg9/benchmark/files/all/xiap/xiap.pdb' automatically determined to be of type PDB
core.io.pose_from_sfr.PoseFromSFRBuilder: [ WARNING ] discarding 2 atoms at position 1 in file /data/user/abgvg9/benchmark/files/all/xiap/xiap.pdb. Best match rsd_type:  SER:NtermProteinFull
core.io.pose_from_sfr.PoseFromSFRBuilder: [ WARNING ] discarding 2 atoms at position 2 in file /data/user/abgvg9/benchmark/files/all/xiap/xiap.pdb. Best match rsd_type:  HIS
core.io.pose_from_sfr.PoseFromSFRBuilder: [ WARNING ] discarding 1 atoms at position 3 in file /data/user/abgvg9/benchmark/files/all/xiap/xiap.pdb. Best match rsd_type:  MET
core.io.pose_from_sfr.PoseFromSFRBuilder: [ WARNING ] discarding 1 atoms at position 4 in file /data/user/abgvg9/benchmark/files/all/xiap/xiap.pdb. Best match rsd_type:  LEU
core.io.pose_from_sfr.PoseFromSFRBuilder: [ WARNING ] discarding 6 atoms at position 6 in file /data/user/abgvg9/benchmark/files/all/xiap/xiap.pdb. Best match rsd_type:  ARG
core.io.pose_from_sfr.PoseFromSFRBuilder: [ WARNING ] discarding 3 atoms at position 7 in file /data/user/abgvg9/benchmark/files/all/xiap/xiap.pdb. Best match rsd_type:  ASN
core.io.pose_from_sfr.PoseFromSFRBuilder: [ WARNING ] discarding 2 atoms at position 9 in file /data/user/abgvg9/benchmark/files/all/xiap/xiap.pdb. Best match rsd_type:  SER
core.io.pose_from_sfr.PoseFromSFRBuilder: [ WARNING ] discarding 1 atoms at position 10 in file /data/user/abgvg9/benchmark/files/all/xiap/xiap.pdb. Best match rsd_type:  MET
core.io.pose_from_sfr.PoseFromSFRBuilder: [ WARNING ] discarding 1 atoms at position 11 in file /data/user/abgvg9/benchmark/files/all/xiap/xiap.pdb. Best match rsd_type:  ALA
core.io.pose_from_sfr.PoseFromSFRBuilder: [ WARNING ] discarding 1 atoms at position 12 in file /data/user/abgvg9/benchmark/files/all/xiap/xiap.pdb. Best match rsd_type:  ASP
core.io.pose_from_sfr.PoseFromSFRBuilder: [ WARNING ] discarding 2 atoms at position 13 in file /data/user/abgvg9/benchmark/files/all/xiap/xiap.pdb. Best match rsd_type:  TYR
core.io.pose_from_sfr.PoseFromSFRBuilder: [ WARNING ] discarding 1 atoms at position 14 in file /data/user/abgvg9/benchmark/files/all/xiap/xiap.pdb. Best match rsd_type:  GLU
core.io.pose_from_sfr.PoseFromSFRBuilder: [ WARNING ] discarding 1 atoms at position 15 in file /data/user/abgvg9/benchmark/files/all/xiap/xiap.pdb. Best match rsd_type:  ALA
core.io.pose_from_sfr.PoseFromSFRBuilder: [ WARNING ] discarding 6 atoms at position 16 in file /data/user/abgvg9/benchmark/files/all/xiap/xiap.pdb. Best match rsd_type:  ARG
core.io.pose_from_sfr.PoseFromSFRBuilder: [ WARNING ] discarding 1 atoms at position 17 in file /data/user/abgvg9/benchmark/files/all/xiap/xiap.pdb. Best match rsd_type:  ILE
core.io.pose_from_sfr.PoseFromSFRBuilder: [ WARNING ] discarding 1 atoms at position 18 in file /data/user/abgvg9/benchmark/files/all/xiap/xiap.pdb. Best match rsd_type:  PHE
core.io.pose_from_sfr.PoseFromSFRBuilder: [ WARNING ] discarding 2 atoms at position 19 in file /data/user/abgvg9/benchmark/files/all/xiap/xiap.pdb. Best match rsd_type:  THR
core.io.pose_from_sfr.PoseFromSFRBuilder: [ WARNING ] discarding 1 atoms at position 20 in file /data/user/abgvg9/benchmark/files/all/xiap/xiap.pdb. Best match rsd_type:  PHE
core.io.pose_from_sfr.PoseFromSFRBuilder: [ WARNING ] discarding 1 atoms at position 21 in file /data/user/abgvg9/benchmark/files/all/xiap/xiap.pdb. Best match rsd_type:  GLY
core.io.pose_from_sfr.PoseFromSFRBuilder: [ WARNING ] discarding 2 atoms at position 22 in file /data/user/abgvg9/benchmark/files/all/xiap/xiap.pdb. Best match rsd_type:  THR
core.io.pose_from_sfr.PoseFromSFRBuilder: [ WARNING ] discarding 2 atoms at position 23 in file /data/user/abgvg9/benchmark/files/all/xiap/xiap.pdb. Best match rsd_type:  TRP
core.io.pose_from_sfr.PoseFromSFRBuilder: [ WARNING ] discarding 1 atoms at position 24 in file /data/user/abgvg9/benchmark/files/all/xiap/xiap.pdb. Best match rsd_type:  ILE
core.io.pose_from_sfr.PoseFromSFRBuilder: [ WARNING ] discarding 2 atoms at position 25 in file /data/user/abgvg9/benchmark/files/all/xiap/xiap.pdb. Best match rsd_type:  TYR
core.io.pose_from_sfr.PoseFromSFRBuilder: [ WARNING ] discarding 2 atoms at position 26 in file /data/user/abgvg9/benchmark/files/all/xiap/xiap.pdb. Best match rsd_type:  SER
core.io.pose_from_sfr.PoseFromSFRBuilder: [ WARNING ] discarding 1 atoms at position 27 in file /data/user/abgvg9/benchmark/files/all/xiap/xiap.pdb. Best match rsd_type:  VAL
core.io.pose_from_sfr.PoseFromSFRBuilder: [ WARNING ] discarding 3 atoms at position 28 in file /data/user/abgvg9/benchmark/files/all/xiap/xiap.pdb. Best match rsd_type:  ASN
core.io.pose_from_sfr.PoseFromSFRBuilder: [ WARNING ] discarding 4 atoms at position 29 in file /data/user/abgvg9/benchmark/files/all/xiap/xiap.pdb. Best match rsd_type:  LYS
core.io.pose_from_sfr.PoseFromSFRBuilder: [ WARNING ] discarding 1 atoms at position 30 in file /data/user/abgvg9/benchmark/files/all/xiap/xiap.pdb. Best match rsd_type:  GLU
core.io.pose_from_sfr.PoseFromSFRBuilder: [ WARNING ] discarding 3 atoms at position 31 in file /data/user/abgvg9/benchmark/files/all/xiap/xiap.pdb. Best match rsd_type:  GLN
core.io.pose_from_sfr.PoseFromSFRBuilder: [ WARNING ] discarding 1 atoms at position 32 in file /data/user/abgvg9/benchmark/files/all/xiap/xiap.pdb. Best match rsd_type:  LEU
core.io.pose_from_sfr.PoseFromSFRBuilder: [ WARNING ] discarding 1 atoms at position 33 in file /data/user/abgvg9/benchmark/files/all/xiap/xiap.pdb. Best match rsd_type:  ALA
core.io.pose_from_sfr.PoseFromSFRBuilder: [ WARNING ] discarding 6 atoms at position 34 in file /data/user/abgvg9/benchmark/files/all/xiap/xiap.pdb. Best match rsd_type:  ARG
core.io.pose_from_sfr.PoseFromSFRBuilder: [ WARNING ] discarding 1 atoms at position 35 in file /data/user/abgvg9/benchmark/files/all/xiap/xiap.pdb. Best match rsd_type:  ALA
core.io.pose_from_sfr.PoseFromSFRBuilder: [ WARNING ] discarding 1 atoms at position 36 in file /data/user/abgvg9/benchmark/files/all/xiap/xiap.pdb. Best match rsd_type:  GLY
core.io.pose_from_sfr.PoseFromSFRBuilder: [ WARNING ] discarding 1 atoms at position 37 in file /data/user/abgvg9/benchmark/files/all/xiap/xiap.pdb. Best match rsd_type:  PHE
core.io.pose_from_sfr.PoseFromSFRBuilder: [ WARNING ] discarding 2 atoms at position 38 in file /data/user/abgvg9/benchmark/files/all/xiap/xiap.pdb. Best match rsd_type:  TYR
core.io.pose_from_sfr.PoseFromSFRBuilder: [ WARNING ] discarding 1 atoms at position 39 in file /data/user/abgvg9/benchmark/files/all/xiap/xiap.pdb. Best match rsd_type:  ALA
core.io.pose_from_sfr.PoseFromSFRBuilder: [ WARNING ] discarding 1 atoms at position 40 in file /data/user/abgvg9/benchmark/files/all/xiap/xiap.pdb. Best match rsd_type:  LEU
core.io.pose_from_sfr.PoseFromSFRBuilder: [ WARNING ] discarding 1 atoms at position 41 in file /data/user/abgvg9/benchmark/files/all/xiap/xiap.pdb. Best match rsd_type:  GLY
core.io.pose_from_sfr.PoseFromSFRBuilder: [ WARNING ] discarding 1 atoms at position 42 in file /data/user/abgvg9/benchmark/files/all/xiap/xiap.pdb. Best match rsd_type:  GLU
core.io.pose_from_sfr.PoseFromSFRBuilder: [ WARNING ] discarding 1 atoms at position 43 in file /data/user/abgvg9/benchmark/files/all/xiap/xiap.pdb. Best match rsd_type:  GLY
core.io.pose_from_sfr.PoseFromSFRBuilder: [ WARNING ] discarding 1 atoms at position 44 in file /data/user/abgvg9/benchmark/files/all/xiap/xiap.pdb. Best match rsd_type:  ASP
core.io.pose_from_sfr.PoseFromSFRBuilder: [ WARNING ] discarding 4 atoms at position 45 in file /data/user/abgvg9/benchmark/files/all/xiap/xiap.pdb. Best match rsd_type:  LYS
core.io.pose_from_sfr.PoseFromSFRBuilder: [ WARNING ] discarding 1 atoms at position 46 in file /data/user/abgvg9/benchmark/files/all/xiap/xiap.pdb. Best match rsd_type:  VAL
core.io.pose_from_sfr.PoseFromSFRBuilder: [ WARNING ] discarding 4 atoms at position 47 in file /data/user/abgvg9/benchmark/files/all/xiap/xiap.pdb. Best match rsd_type:  LYS
core.io.pose_from_sfr.PoseFromSFRBuilder: [ WARNING ] discarding 1 atoms at position 48 in file /data/user/abgvg9/benchmark/files/all/xiap/xiap.pdb. Best match rsd_type:  PHE
core.io.pose_from_sfr.PoseFromSFRBuilder: [ WARNING ] discarding 2 atoms at position 49 in file /data/user/abgvg9/benchmark/files/all/xiap/xiap.pdb. Best match rsd_type:  HIS
core.io.pose_from_sfr.PoseFromSFRBuilder: [ WARNING ] discarding 1 atoms at position 50 in file /data/user/abgvg9/benchmark/files/all/xiap/xiap.pdb. Best match rsd_type:  GLY
core.io.pose_from_sfr.PoseFromSFRBuilder: [ WARNING ] discarding 1 atoms at position 51 in file /data/user/abgvg9/benchmark/files/all/xiap/xiap.pdb. Best match rsd_type:  GLY
core.io.pose_from_sfr.PoseFromSFRBuilder: [ WARNING ] discarding 1 atoms at position 52 in file /data/user/abgvg9/benchmark/files/all/xiap/xiap.pdb. Best match rsd_type:  GLY
core.io.pose_from_sfr.PoseFromSFRBuilder: [ WARNING ] discarding 1 atoms at position 53 in file /data/user/abgvg9/benchmark/files/all/xiap/xiap.pdb. Best match rsd_type:  LEU
core.io.pose_from_sfr.PoseFromSFRBuilder: [ WARNING ] discarding 2 atoms at position 54 in file /data/user/abgvg9/benchmark/files/all/xiap/xiap.pdb. Best match rsd_type:  THR
core.io.pose_from_sfr.PoseFromSFRBuilder: [ WARNING ] discarding 1 atoms at position 55 in file /data/user/abgvg9/benchmark/files/all/xiap/xiap.pdb. Best match rsd_type:  ASP
core.io.pose_from_sfr.PoseFromSFRBuilder: [ WARNING ] discarding 2 atoms at position 56 in file /data/user/abgvg9/benchmark/files/all/xiap/xiap.pdb. Best match rsd_type:  TRP
core.io.pose_from_sfr.PoseFromSFRBuilder: [ WARNING ] discarding 4 atoms at position 57 in file /data/user/abgvg9/benchmark/files/all/xiap/xiap.pdb. Best match rsd_type:  LYS
core.io.pose_from_sfr.PoseFromSFRBuilder: [ WARNING ] discarding 2 atoms at position 59 in file /data/user/abgvg9/benchmark/files/all/xiap/xiap.pdb. Best match rsd_type:  SER
core.io.pose_from_sfr.PoseFromSFRBuilder: [ WARNING ] discarding 1 atoms at position 60 in file /data/user/abgvg9/benchmark/files/all/xiap/xiap.pdb. Best match rsd_type:  GLU
core.io.pose_from_sfr.PoseFromSFRBuilder: [ WARNING ] discarding 1 atoms at position 61 in file /data/user/abgvg9/benchmark/files/all/xiap/xiap.pdb. Best match rsd_type:  ASP
core.io.pose_from_sfr.PoseFromSFRBuilder: [ WARNING ] discarding 2 atoms at position 63 in file /data/user/abgvg9/benchmark/files/all/xiap/xiap.pdb. Best match rsd_type:  TRP
core.io.pose_from_sfr.PoseFromSFRBuilder: [ WARNING ] discarding 1 atoms at position 64 in file /data/user/abgvg9/benchmark/files/all/xiap/xiap.pdb. Best match rsd_type:  GLU
core.io.pose_from_sfr.PoseFromSFRBuilder: [ WARNING ] discarding 3 atoms at position 65 in file /data/user/abgvg9/benchmark/files/all/xiap/xiap.pdb. Best match rsd_type:  GLN
core.io.pose_from_sfr.PoseFromSFRBuilder: [ WARNING ] discarding 2 atoms at position 66 in file /data/user/abgvg9/benchmark/files/all/xiap/xiap.pdb. Best match rsd_type:  HIS
core.io.pose_from_sfr.PoseFromSFRBuilder: [ WARNING ] discarding 1 atoms at position 67 in file /data/user/abgvg9/benchmark/files/all/xiap/xiap.pdb. Best match rsd_type:  ALA
core.io.pose_from_sfr.PoseFromSFRBuilder: [ WARNING ] discarding 4 atoms at position 68 in file /data/user/abgvg9/benchmark/files/all/xiap/xiap.pdb. Best match rsd_type:  LYS
core.io.pose_from_sfr.PoseFromSFRBuilder: [ WARNING ] discarding 2 atoms at position 69 in file /data/user/abgvg9/benchmark/files/all/xiap/xiap.pdb. Best match rsd_type:  TRP
core.io.pose_from_sfr.PoseFromSFRBuilder: [ WARNING ] discarding 2 atoms at position 70 in file /data/user/abgvg9/benchmark/files/all/xiap/xiap.pdb. Best match rsd_type:  TYR
core.io.pose_from_sfr.PoseFromSFRBuilder: [ WARNING ] discarding 1 atoms at position 72 in file /data/user/abgvg9/benchmark/files/all/xiap/xiap.pdb. Best match rsd_type:  GLY
core.io.pose_from_sfr.PoseFromSFRBuilder: [ WARNING ] discarding 4 atoms at position 73 in file /data/user/abgvg9/benchmark/files/all/xiap/xiap.pdb. Best match rsd_type:  LYS
core.io.pose_from_sfr.PoseFromSFRBuilder: [ WARNING ] discarding 2 atoms at position 74 in file /data/user/abgvg9/benchmark/files/all/xiap/xiap.pdb. Best match rsd_type:  TYR
core.io.pose_from_sfr.PoseFromSFRBuilder: [ WARNING ] discarding 1 atoms at position 75 in file /data/user/abgvg9/benchmark/files/all/xiap/xiap.pdb. Best match rsd_type:  LEU
core.io.pose_from_sfr.PoseFromSFRBuilder: [ WARNING ] discarding 1 atoms at position 76 in file /data/user/abgvg9/benchmark/files/all/xiap/xiap.pdb. Best match rsd_type:  LEU
core.io.pose_from_sfr.PoseFromSFRBuilder: [ WARNING ] discarding 1 atoms at position 77 in file /data/user/abgvg9/benchmark/files/all/xiap/xiap.pdb. Best match rsd_type:  GLU
core.io.pose_from_sfr.PoseFromSFRBuilder: [ WARNING ] discarding 3 atoms at position 78 in file /data/user/abgvg9/benchmark/files/all/xiap/xiap.pdb. Best match rsd_type:  GLN
core.io.pose_from_sfr.PoseFromSFRBuilder: [ WARNING ] discarding 4 atoms at position 79 in file /data/user/abgvg9/benchmark/files/all/xiap/xiap.pdb. Best match rsd_type:  LYS
core.io.pose_from_sfr.PoseFromSFRBuilder: [ WARNING ] discarding 1 atoms at position 80 in file /data/user/abgvg9/benchmark/files/all/xiap/xiap.pdb. Best match rsd_type:  GLY
core.io.pose_from_sfr.PoseFromSFRBuilder: [ WARNING ] discarding 3 atoms at position 81 in file /data/user/abgvg9/benchmark/files/all/xiap/xiap.pdb. Best match rsd_type:  GLN
core.io.pose_from_sfr.PoseFromSFRBuilder: [ WARNING ] discarding 1 atoms at position 82 in file /data/user/abgvg9/benchmark/files/all/xiap/xiap.pdb. Best match rsd_type:  GLU
core.io.pose_from_sfr.PoseFromSFRBuilder: [ WARNING ] discarding 2 atoms at position 83 in file /data/user/abgvg9/benchmark/files/all/xiap/xiap.pdb. Best match rsd_type:  TYR
core.io.pose_from_sfr.PoseFromSFRBuilder: [ WARNING ] discarding 1 atoms at position 84 in file /data/user/abgvg9/benchmark/files/all/xiap/xiap.pdb. Best match rsd_type:  ILE
core.io.pose_from_sfr.PoseFromSFRBuilder: [ WARNING ] discarding 3 atoms at position 85 in file /data/user/abgvg9/benchmark/files/all/xiap/xiap.pdb. Best match rsd_type:  ASN
core.io.pose_from_sfr.PoseFromSFRBuilder: [ WARNING ] discarding 3 atoms at position 86 in file /data/user/abgvg9/benchmark/files/all/xiap/xiap.pdb. Best match rsd_type:  ASN
core.io.pose_from_sfr.PoseFromSFRBuilder: [ WARNING ] discarding 1 atoms at position 87 in file /data/user/abgvg9/benchmark/files/all/xiap/xiap.pdb. Best match rsd_type:  ILE
core.io.pose_from_sfr.PoseFromSFRBuilder: [ WARNING ] discarding 2 atoms at position 88 in file /data/user/abgvg9/benchmark/files/all/xiap/xiap.pdb. Best match rsd_type:  HIS
core.io.pose_from_sfr.PoseFromSFRBuilder: [ WARNING ] discarding 1 atoms at position 89 in file /data/user/abgvg9/benchmark/files/all/xiap/xiap.pdb. Best match rsd_type:  LEU
core.io.pose_from_sfr.PoseFromSFRBuilder: [ WARNING ] discarding 2 atoms at position 90 in file /data/user/abgvg9/benchmark/files/all/xiap/xiap.pdb. Best match rsd_type:  THR
core.io.pose_from_sfr.PoseFromSFRBuilder: [ WARNING ] discarding 2 atoms at position 91 in file /data/user/abgvg9/benchmark/files/all/xiap/xiap.pdb. Best match rsd_type:  HIS
core.io.pose_from_sfr.PoseFromSFRBuilder: [ WARNING ] discarding 6 atoms at position 92 in file /data/user/abgvg9/benchmark/files/all/xiap/xiap.pdb. Best match rsd_type:  ARG
core.io.pose_from_sfr.PoseFromSFRBuilder: [ WARNING ] discarding 2 atoms at position 93 in file /data/user/abgvg9/benchmark/files/all/xiap/xiap.pdb. Best match rsd_type:  TYR
core.io.pose_from_sfr.PoseFromSFRBuilder: [ WARNING ] discarding 2 atoms at position 94 in file /data/user/abgvg9/benchmark/files/all/xiap/xiap.pdb. Best match rsd_type:  SER
core.io.pose_from_sfr.PoseFromSFRBuilder: [ WARNING ] discarding 1 atoms at position 95 in file /data/user/abgvg9/benchmark/files/all/xiap/xiap.pdb. Best match rsd_type:  VAL
core.io.pose_from_sfr.PoseFromSFRBuilder: [ WARNING ] discarding 1 atoms at position 96 in file /data/user/abgvg9/benchmark/files/all/xiap/xiap.pdb. Best match rsd_type:  LEU
core.io.pose_from_sfr.PoseFromSFRBuilder: [ WARNING ] discarding 1 atoms at position 97 in file /data/user/abgvg9/benchmark/files/all/xiap/xiap.pdb. Best match rsd_type:  PHE
core.io.pose_from_sfr.PoseFromSFRBuilder: [ WARNING ] discarding 1 atoms at position 98 in file /data/user/abgvg9/benchmark/files/all/xiap/xiap.pdb. Best match rsd_type:  LEU
core.io.pose_from_sfr.PoseFromSFRBuilder: [ WARNING ] discarding 1 atoms at position 99 in file /data/user/abgvg9/benchmark/files/all/xiap/xiap.pdb. Best match rsd_type:  GLU
core.io.pose_from_sfr.PoseFromSFRBuilder: [ WARNING ] discarding 1 atoms at position 100 in file /data/user/abgvg9/benchmark/files/all/xiap/xiap.pdb. Best match rsd_type:  GLY
core.io.pose_from_sfr.PoseFromSFRBuilder: [ WARNING ] discarding 1 atoms at position 101 in file /data/user/abgvg9/benchmark/files/all/xiap/xiap.pdb. Best match rsd_type:  ASP
core.io.pose_from_sfr.PoseFromSFRBuilder: [ WARNING ] discarding 4 atoms at position 102 in file /data/user/abgvg9/benchmark/files/all/xiap/xiap.pdb. Best match rsd_type:  LYS
core.io.pose_from_sfr.PoseFromSFRBuilder: [ WARNING ] discarding 1 atoms at position 103 in file /data/user/abgvg9/benchmark/files/all/xiap/xiap.pdb. Best match rsd_type:  VAL
core.io.pose_from_sfr.PoseFromSFRBuilder: [ WARNING ] discarding 4 atoms at position 104 in file /data/user/abgvg9/benchmark/files/all/xiap/xiap.pdb. Best match rsd_type:  LYS
core.io.pose_from_sfr.PoseFromSFRBuilder: [ WARNING ] discarding 1 atoms at position 105 in file /data/user/abgvg9/benchmark/files/all/xiap/xiap.pdb. Best match rsd_type:  GLY
core.io.pose_from_sfr.PoseFromSFRBuilder: [ WARNING ] discarding 1 atoms at position 106 in file /data/user/abgvg9/benchmark/files/all/xiap/xiap.pdb. Best match rsd_type:  GLY
core.io.pose_from_sfr.PoseFromSFRBuilder: [ WARNING ] discarding 1 atoms at position 107 in file /data/user/abgvg9/benchmark/files/all/xiap/xiap.pdb. Best match rsd_type:  GLY
core.io.pose_from_sfr.PoseFromSFRBuilder: [ WARNING ] discarding 1 atoms at position 108 in file /data/user/abgvg9/benchmark/files/all/xiap/xiap.pdb. Best match rsd_type:  LEU
core.io.pose_from_sfr.PoseFromSFRBuilder: [ WARNING ] discarding 2 atoms at position 109 in file /data/user/abgvg9/benchmark/files/all/xiap/xiap.pdb. Best match rsd_type:  THR
core.io.pose_from_sfr.PoseFromSFRBuilder: [ WARNING ] discarding 1 atoms at position 110 in file /data/user/abgvg9/benchmark/files/all/xiap/xiap.pdb. Best match rsd_type:  ASP
core.io.pose_from_sfr.PoseFromSFRBuilder: [ WARNING ] discarding 2 atoms at position 111 in file /data/user/abgvg9/benchmark/files/all/xiap/xiap.pdb. Best match rsd_type:  TRP
core.io.pose_from_sfr.PoseFromSFRBuilder: [ WARNING ] discarding 4 atoms at position 112 in file /data/user/abgvg9/benchmark/files/all/xiap/xiap.pdb. Best match rsd_type:  LYS
core.io.pose_from_sfr.PoseFromSFRBuilder: [ WARNING ] discarding 2 atoms at position 114 in file /data/user/abgvg9/benchmark/files/all/xiap/xiap.pdb. Best match rsd_type:  SER
core.io.pose_from_sfr.PoseFromSFRBuilder: [ WARNING ] discarding 1 atoms at position 115 in file /data/user/abgvg9/benchmark/files/all/xiap/xiap.pdb. Best match rsd_type:  GLU
core.io.pose_from_sfr.PoseFromSFRBuilder: [ WARNING ] discarding 1 atoms at position 116 in file /data/user/abgvg9/benchmark/files/all/xiap/xiap.pdb. Best match rsd_type:  ASP
core.io.pose_from_sfr.PoseFromSFRBuilder: [ WARNING ] discarding 2 atoms at position 118 in file /data/user/abgvg9/benchmark/files/all/xiap/xiap.pdb. Best match rsd_type:  TRP
core.io.pose_from_sfr.PoseFromSFRBuilder: [ WARNING ] discarding 1 atoms at position 119 in file /data/user/abgvg9/benchmark/files/all/xiap/xiap.pdb. Best match rsd_type:  GLU
core.io.pose_from_sfr.PoseFromSFRBuilder: [ WARNING ] discarding 3 atoms at position 120 in file /data/user/abgvg9/benchmark/files/all/xiap/xiap.pdb. Best match rsd_type:  GLN
core.io.pose_from_sfr.PoseFromSFRBuilder: [ WARNING ] discarding 1 atoms at position 121 in file /data/user/abgvg9/benchmark/files/all/xiap/xiap.pdb. Best match rsd_type:  ALA
core.io.pose_from_sfr.PoseFromSFRBuilder: [ WARNING ] discarding 4 atoms at position 122 in file /data/user/abgvg9/benchmark/files/all/xiap/xiap.pdb. Best match rsd_type:  LYS
core.io.pose_from_sfr.PoseFromSFRBuilder: [ WARNING ] discarding 2 atoms at position 123 in file /data/user/abgvg9/benchmark/files/all/xiap/xiap.pdb. Best match rsd_type:  TRP
core.io.pose_from_sfr.PoseFromSFRBuilder: [ WARNING ] discarding 2 atoms at position 124 in file /data/user/abgvg9/benchmark/files/all/xiap/xiap.pdb. Best match rsd_type:  TYR
core.io.pose_from_sfr.PoseFromSFRBuilder: [ WARNING ] discarding 1 atoms at position 126 in file /data/user/abgvg9/benchmark/files/all/xiap/xiap.pdb. Best match rsd_type:  GLY
core.io.pose_from_sfr.PoseFromSFRBuilder: [ WARNING ] discarding 1 atoms at position 127 in file /data/user/abgvg9/benchmark/files/all/xiap/xiap.pdb. Best match rsd_type:  ILE
core.io.pose_from_sfr.PoseFromSFRBuilder: [ WARNING ] discarding 2 atoms at position 128 in file /data/user/abgvg9/benchmark/files/all/xiap/xiap.pdb. Best match rsd_type:  HIS
core.io.pose_from_sfr.PoseFromSFRBuilder: [ WARNING ] discarding 1 atoms at position 129 in file /data/user/abgvg9/benchmark/files/all/xiap/xiap.pdb. Best match rsd_type:  LEU
core.io.pose_from_sfr.PoseFromSFRBuilder: [ WARNING ] discarding 2 atoms at position 130 in file /data/user/abgvg9/benchmark/files/all/xiap/xiap.pdb. Best match rsd_type:  THR:CtermProteinFull
core.conformation.Conformation: [ WARNING ] missing heavyatom:  OXT on residue THR:CtermProteinFull 130
LDS_app: Making LigandDiscoverySearch object
core.scoring.etable: Starting energy table calculation
core.scoring.etable: smooth_etable: changing atr/rep split to bottom of energy well
core.scoring.etable: smooth_etable: spline smoothing lj etables (maxdis = 6)
core.scoring.etable: smooth_etable: spline smoothing solvation etables (max_dis = 6)
core.scoring.etable: Finished calculating energy tables.
basic.io.database: Database file opened: scoring/score_functions/PairEPotential/pdb_pair_stats_fine
basic.io.database: Database file opened: scoring/score_functions/hbonds/ref2015_params/HBPoly1D.csv
basic.io.database: Database file opened: scoring/score_functions/hbonds/ref2015_params/HBFadeIntervals.csv
basic.io.database: Database file opened: scoring/score_functions/hbonds/ref2015_params/HBEval.csv
basic.io.database: Database file opened: scoring/score_functions/hbonds/ref2015_params/DonStrength.csv
basic.io.database: Database file opened: scoring/score_functions/hbonds/ref2015_params/AccStrength.csv
basic.io.database: Database file opened: scoring/score_functions/P_AA_pp/P_AA
basic.io.database: Database file opened: scoring/score_functions/P_AA_pp/P_AA_n
core.scoring.P_AA: shapovalov_lib::shap_p_aa_pp_smooth_level of 1( aka low_smooth ) got activated.
basic.io.database: Database file opened: scoring/score_functions/P_AA_pp/shapovalov/10deg/kappa131/a20.prop
basic.io.database: Database file opened: scoring/score_functions/omega/omega_ppdep.all.txt
basic.io.database: Database file opened: scoring/score_functions/omega/omega_ppdep.gly.txt
basic.io.database: Database file opened: scoring/score_functions/omega/omega_ppdep.pro.txt
basic.io.database: Database file opened: scoring/score_functions/omega/omega_ppdep.valile.txt
LDS_app: Running discovery for xiap
protocols.ligand_docking.ligand_options.Protocol: Initializing options: 
protocols.ligand_docking.ligand_options.Protocol: allow_minimization_: 1
protocols.ligand_docking.ligand_options.Protocol: allow_repacking_: 1
protocols.ligand_docking.ligand_options.Protocol: all_residues_: 0
LigandDiscoverySearch.discover: Current anchor residue position: 70
LigandDiscoverySearch.create_protein_matrix_space_fill: binding_pocket_dimensions: 10,10,10
LigandDiscoverySearch.create_protein_matrix_space_fill: binding_pocket_dimensions: 4,6,4
LigandDiscoverySearch.create_protein_matrix_space_fill: Sub-region stats without placed region, bound by adjusted coordinates: x(29->37) y(16->28) z(9->17)
LigandDiscoverySearch.discover: Starting to iterate through all ligands
LigandDiscoverySearch.discover: On ligand +
basic.io.database: [ WARNING ] Unable to locate database file chemical/pdb_components/components.c.cif
basic.io.database: [ WARNING ] Unable to locate database file chemical/pdb_components/components.c.cif.gz
core.chemical.GlobalResidueTypeSet: [ WARNING ] Could not find: 'cry' in pdb components files! Skipping residue...
core.pack.task: Packer task: initialize from command line() 
core.pack.task: Packer task: initialize from command line() 
core.pack.task: Packer task: initialize from command line() 
protocols.moves.MonteCarlo: MonteCarlo:: last_accepted_score,lowest_score: -463.58 -463.995
basic.io.database: Database file opened: scoring/score_functions/elec_cp_reps.dat
core.scoring.elec.util: Read 40 countpair representative atoms
core.pack.dunbrack.RotamerLibrary: shapovalov_lib_fixes_enable option is true.
core.pack.dunbrack.RotamerLibrary: shapovalov_lib::shap_dun10_smooth_level of 1( aka lowest_smooth ) got activated.
core.pack.dunbrack.RotamerLibrary: Binary rotamer library selected: /scratch/abgvg9/rosetta_may_for_checkin/rosetta/database/rotamer/shapovalov/StpDwn_0-0-0/Dunbrack10.lib.bin
core.pack.dunbrack.RotamerLibrary: Using Dunbrack library binary file '/scratch/abgvg9/rosetta_may_for_checkin/rosetta/database/rotamer/shapovalov/StpDwn_0-0-0/Dunbrack10.lib.bin'.
core.pack.dunbrack.RotamerLibrary: Dunbrack 2010 library took 0.14 seconds to load from binary
protocols.motifs.Motif: Res1 name is LEU
protocols.motifs.Motif: atom1 name is Ntrp
protocols.motifs.Motif: atom2 name is COO
protocols.motifs.Motif: atom3 name is ONH2
protocols.motifs.Motif: Res1 name is TRP
protocols.motifs.Motif: atom1 name is CH3
protocols.motifs.Motif: atom2 name is CH1
protocols.motifs.Motif: atom3 name is NH2O
protocols.motifs.Motif: Res1 name is TYR
protocols.motifs.Motif: atom1 name is CH3
protocols.motifs.Motif: atom2 name is CH1
protocols.motifs.Motif: atom3 name is NH2O
core.pack.task: Packer task: initialize from command line() 
core.pack.task: Packer task: initialize from command line() 
core.pack.task: Packer task: initialize from command line() 
protocols.moves.MonteCarlo: MonteCarlo:: last_accepted_score,lowest_score: -463.966 -464.444
protocols.motifs.Motif: Res1 name is LEU
protocols.motifs.Motif: atom1 name is CH3
protocols.motifs.Motif: atom2 name is CH1
protocols.motifs.Motif: atom3 name is CH1
protocols.motifs.Motif: Res1 name is THR
protocols.motifs.Motif: atom1 name is CH2
protocols.motifs.Motif: atom2 name is CH2
protocols.motifs.Motif: atom3 name is CH1
protocols.motifs.Motif: Res1 name is TRP
protocols.motifs.Motif: atom1 name is Ntrp
protocols.motifs.Motif: atom2 name is COO
protocols.motifs.Motif: atom3 name is ONH2
protocols.motifs.Motif: Res1 name is TYR
protocols.motifs.Motif: atom1 name is CH3
protocols.motifs.Motif: atom2 name is CH1
protocols.motifs.Motif: atom3 name is NH2O
core.pack.task: Packer task: initialize from command line() 
core.pack.task: Packer task: initialize from command line() 
core.pack.task: Packer task: initialize from command line() 
protocols.moves.MonteCarlo: MonteCarlo:: last_accepted_score,lowest_score: -463.598 -463.598
protocols.motifs.Motif: Res1 name is LEU
protocols.motifs.Motif: atom1 name is Nhis
protocols.motifs.Motif: atom2 name is aroC
protocols.motifs.Motif: atom3 name is Nhis
protocols.motifs.Motif: Res1 name is THR
protocols.motifs.Motif: atom1 name is aroC
protocols.motifs.Motif: atom2 name is Nhis
protocols.motifs.Motif: atom3 name is aroC
protocols.motifs.Motif: Res1 name is TRP
protocols.motifs.Motif: atom1 name is aroC
protocols.motifs.Motif: atom2 name is aroC
protocols.motifs.Motif: atom3 name is aroC
protocols.motifs.Motif: Res1 name is TYR
protocols.motifs.Motif: atom1 name is aroC
protocols.motifs.Motif: atom2 name is aroC
protocols.motifs.Motif: atom3 name is aroC
core.pack.task: Packer task: initialize from command line() 
core.pack.task: Packer task: initialize from command line() 
core.pack.task: Packer task: initialize from command line() 
protocols.moves.MonteCarlo: MonteCarlo:: last_accepted_score,lowest_score: -463.121 -463.121
protocols.motifs.Motif: Res1 name is LEU
protocols.motifs.Motif: atom1 name is Nhis
protocols.motifs.Motif: atom2 name is aroC
protocols.motifs.Motif: atom3 name is Nhis
protocols.motifs.Motif: Res1 name is THR
protocols.motifs.Motif: atom1 name is CH3
protocols.motifs.Motif: atom2 name is CH1
protocols.motifs.Motif: atom3 name is CH1
protocols.motifs.Motif: Res1 name is TRP
protocols.motifs.Motif: atom1 name is aroC
protocols.motifs.Motif: atom2 name is aroC
protocols.motifs.Motif: atom3 name is aroC
core.pack.task: Packer task: initialize from command line() 
core.pack.task: Packer task: initialize from command line() 
core.pack.task: Packer task: initialize from command line() 
protocols.moves.MonteCarlo: MonteCarlo:: last_accepted_score,lowest_score: -462.036 -462.208
protocols.motifs.Motif: Res1 name is TRP
protocols.motifs.Motif: atom1 name is aroC
protocols.motifs.Motif: atom2 name is aroC
protocols.motifs.Motif: atom3 name is aroC
protocols.motifs.Motif: Res1 name is TYR
protocols.motifs.Motif: atom1 name is aroC
protocols.motifs.Motif: atom2 name is aroC
protocols.motifs.Motif: atom3 name is aroC
core.pack.task: Packer task: initialize from command line() 
core.pack.task: Packer task: initialize from command line() 
core.pack.task: Packer task: initialize from command line() 
protocols.moves.MonteCarlo: MonteCarlo:: last_accepted_score,lowest_score: -462.851 -462.851
protocols.motifs.Motif: Res1 name is TRP
protocols.motifs.Motif: atom1 name is Npro
protocols.motifs.Motif: atom2 name is COO
protocols.motifs.Motif: atom3 name is ONH2
protocols.motifs.Motif: Res1 name is TYR
protocols.motifs.Motif: atom1 name is aroC
protocols.motifs.Motif: atom2 name is aroC
protocols.motifs.Motif: atom3 name is aroC
core.pack.task: Packer task: initialize from command line() 
core.pack.task: Packer task: initialize from command line() 
core.pack.task: Packer task: initialize from command line() 
protocols.moves.MonteCarlo: MonteCarlo:: last_accepted_score,lowest_score: -462.692 -462.692
protocols.motifs.Motif: Res1 name is LYS
protocols.motifs.Motif: atom1 name is aroC
protocols.motifs.Motif: atom2 name is Nhis
protocols.motifs.Motif: atom3 name is aroC
protocols.motifs.Motif: Res1 name is THR
protocols.motifs.Motif: atom1 name is CH2
protocols.motifs.Motif: atom2 name is CH2
protocols.motifs.Motif: atom3 name is CH2
protocols.motifs.Motif: Res1 name is TRP
protocols.motifs.Motif: atom1 name is COO
protocols.motifs.Motif: atom2 name is CH1
protocols.motifs.Motif: atom3 name is NH2O
protocols.motifs.Motif: Res1 name is TYR
protocols.motifs.Motif: atom1 name is aroC
protocols.motifs.Motif: atom2 name is aroC
protocols.motifs.Motif: atom3 name is aroC
core.pack.task: Packer task: initialize from command line() 
core.pack.task: Packer task: initialize from command line() 
core.pack.task: Packer task: initialize from command line() 
protocols.moves.MonteCarlo: MonteCarlo:: last_accepted_score,lowest_score: -463.444 -464.553
protocols.motifs.Motif: Res1 name is LEU
protocols.motifs.Motif: atom1 name is Nhis
protocols.motifs.Motif: atom2 name is aroC
protocols.motifs.Motif: atom3 name is Nhis
protocols.motifs.Motif: Res1 name is THR
protocols.motifs.Motif: atom1 name is aroC
protocols.motifs.Motif: atom2 name is aroC
protocols.motifs.Motif: atom3 name is aroC
protocols.motifs.Motif: Res1 name is TRP
protocols.motifs.Motif: atom1 name is aroC
protocols.motifs.Motif: atom2 name is aroC
protocols.motifs.Motif: atom3 name is aroC
protocols.motifs.Motif: Res1 name is TYR
protocols.motifs.Motif: atom1 name is aroC
protocols.motifs.Motif: atom2 name is aroC
protocols.motifs.Motif: atom3 name is aroC
core.pack.task: Packer task: initialize from command line() 
core.pack.task: Packer task: initialize from command line() 
core.pack.task: Packer task: initialize from command line() 
protocols.moves.MonteCarlo: MonteCarlo:: last_accepted_score,lowest_score: -461.26 -461.833
protocols.motifs.Motif: Res1 name is TRP
protocols.motifs.Motif: atom1 name is Npro
protocols.motifs.Motif: atom2 name is COO
protocols.motifs.Motif: atom3 name is ONH2
protocols.motifs.Motif: Res1 name is TYR
protocols.motifs.Motif: atom1 name is aroC
protocols.motifs.Motif: atom2 name is aroC
protocols.motifs.Motif: atom3 name is aroC
core.pack.task: Packer task: initialize from command line() 
core.pack.task: Packer task: initialize from command line() 
core.pack.task: Packer task: initialize from command line() 
protocols.moves.MonteCarlo: MonteCarlo:: last_accepted_score,lowest_score: -462.624 -462.837
protocols.motifs.Motif: Res1 name is LEU
protocols.motifs.Motif: atom1 name is Nhis
protocols.motifs.Motif: atom2 name is aroC
protocols.motifs.Motif: atom3 name is Nhis
protocols.motifs.Motif: Res1 name is TRP
protocols.motifs.Motif: atom1 name is aroC
protocols.motifs.Motif: atom2 name is Nhis
protocols.motifs.Motif: atom3 name is aroC
protocols.motifs.Motif: Res1 name is TYR
protocols.motifs.Motif: atom1 name is aroC
protocols.motifs.Motif: atom2 name is aroC
protocols.motifs.Motif: atom3 name is aroC
core.pack.task: Packer task: initialize from command line() 
core.pack.task: Packer task: initialize from command line() 
core.pack.task: Packer task: initialize from command line() 
protocols.moves.MonteCarlo: MonteCarlo:: last_accepted_score,lowest_score: -460.648 -460.648
protocols.motifs.Motif: Res1 name is THR
protocols.motifs.Motif: atom1 name is CH3
protocols.motifs.Motif: atom2 name is CH1
protocols.motifs.Motif: atom3 name is CH1
protocols.motifs.Motif: Res1 name is TRP
protocols.motifs.Motif: atom1 name is aroC
protocols.motifs.Motif: atom2 name is aroC
protocols.motifs.Motif: atom3 name is aroC
core.pack.task: Packer task: initialize from command line() 
core.pack.task: Packer task: initialize from command line() 
core.pack.task: Packer task: initialize from command line() 
protocols.moves.MonteCarlo: MonteCarlo:: last_accepted_score,lowest_score: -463.169 -464.577
protocols.motifs.Motif: Res1 name is LEU
protocols.motifs.Motif: atom1 name is Ntrp
protocols.motifs.Motif: atom2 name is COO
protocols.motifs.Motif: atom3 name is ONH2
protocols.motifs.Motif: Res1 name is THR
protocols.motifs.Motif: atom1 name is CH2
protocols.motifs.Motif: atom2 name is CH2
protocols.motifs.Motif: atom3 name is CH1
protocols.motifs.Motif: Res1 name is TRP
protocols.motifs.Motif: atom1 name is Nhis
protocols.motifs.Motif: atom2 name is aroC
protocols.motifs.Motif: atom3 name is Nhis
protocols.motifs.Motif: Res1 name is TYR
protocols.motifs.Motif: atom1 name is Ntrp
protocols.motifs.Motif: atom2 name is COO
protocols.motifs.Motif: atom3 name is ONH2
core.pack.task: Packer task: initialize from command line() 
core.pack.task: Packer task: initialize from command line() 
core.pack.task: Packer task: initialize from command line() 
protocols.moves.MonteCarlo: MonteCarlo:: last_accepted_score,lowest_score: -462.268 -462.773
protocols.motifs.Motif: Res1 name is LEU
protocols.motifs.Motif: atom1 name is aroC
protocols.motifs.Motif: atom2 name is aroC
protocols.motifs.Motif: atom3 name is aroC
protocols.motifs.Motif: Res1 name is THR
protocols.motifs.Motif: atom1 name is aroC
protocols.motifs.Motif: atom2 name is Nhis
protocols.motifs.Motif: atom3 name is aroC
protocols.motifs.Motif: Res1 name is TRP
protocols.motifs.Motif: atom1 name is aroC
protocols.motifs.Motif: atom2 name is aroC
protocols.motifs.Motif: atom3 name is aroC
protocols.motifs.Motif: Res1 name is TYR
protocols.motifs.Motif: atom1 name is aroC
protocols.motifs.Motif: atom2 name is aroC
protocols.motifs.Motif: atom3 name is aroC
core.pack.task: Packer task: initialize from command line() 
core.pack.task: Packer task: initialize from command line() 
core.pack.task: Packer task: initialize from command line() 
protocols.moves.MonteCarlo: MonteCarlo:: last_accepted_score,lowest_score: -461.741 -461.741
protocols.motifs.Motif: Res1 name is TRP
protocols.motifs.Motif: atom1 name is CH2
protocols.motifs.Motif: atom2 name is CH2
protocols.motifs.Motif: atom3 name is CH2
protocols.motifs.Motif: Res1 name is TYR
protocols.motifs.Motif: atom1 name is aroC
protocols.motifs.Motif: atom2 name is aroC
protocols.motifs.Motif: atom3 name is aroC
core.pack.task: Packer task: initialize from command line() 
core.pack.task: Packer task: initialize from command line() 
core.pack.task: Packer task: initialize from command line() 
protocols.moves.MonteCarlo: MonteCarlo:: last_accepted_score,lowest_score: -462.013 -463.457
protocols.motifs.Motif: Res1 name is THR
protocols.motifs.Motif: atom1 name is Ntrp
protocols.motifs.Motif: atom2 name is COO
protocols.motifs.Motif: atom3 name is ONH2
protocols.motifs.Motif: Res1 name is TRP
protocols.motifs.Motif: atom1 name is aroC
protocols.motifs.Motif: atom2 name is aroC
protocols.motifs.Motif: atom3 name is aroC
protocols.motifs.Motif: Res1 name is TYR
protocols.motifs.Motif: atom1 name is aroC
protocols.motifs.Motif: atom2 name is aroC
protocols.motifs.Motif: atom3 name is aroC
core.pack.task: Packer task: initialize from command line() 
core.pack.task: Packer task: initialize from command line() 
core.pack.task: Packer task: initialize from command line() 
protocols.moves.MonteCarlo: MonteCarlo:: last_accepted_score,lowest_score: -461.893 -462.088
protocols.motifs.Motif: Res1 name is THR
protocols.motifs.Motif: atom1 name is Ntrp
protocols.motifs.Motif: atom2 name is COO
protocols.motifs.Motif: atom3 name is ONH2
protocols.motifs.Motif: Res1 name is TRP
protocols.motifs.Motif: atom1 name is aroC
protocols.motifs.Motif: atom2 name is aroC
protocols.motifs.Motif: atom3 name is aroC
protocols.motifs.Motif: Res1 name is TYR
protocols.motifs.Motif: atom1 name is aroC
protocols.motifs.Motif: atom2 name is aroC
protocols.motifs.Motif: atom3 name is aroC
core.pack.task: Packer task: initialize from command line() 
core.pack.task: Packer task: initialize from command line() 
core.pack.task: Packer task: initialize from command line() 
protocols.moves.MonteCarlo: MonteCarlo:: last_accepted_score,lowest_score: -461.361 -462.09
protocols.motifs.Motif: Res1 name is LEU
protocols.motifs.Motif: atom1 name is Nhis
protocols.motifs.Motif: atom2 name is aroC
protocols.motifs.Motif: atom3 name is Nhis
protocols.motifs.Motif: Res1 name is TRP
protocols.motifs.Motif: atom1 name is aroC
protocols.motifs.Motif: atom2 name is aroC
protocols.motifs.Motif: atom3 name is aroC
protocols.motifs.Motif: Res1 name is TYR
protocols.motifs.Motif: atom1 name is aroC
protocols.motifs.Motif: atom2 name is aroC
protocols.motifs.Motif: atom3 name is aroC
core.pack.task: Packer task: initialize from command line() 
core.pack.task: Packer task: initialize from command line() 
core.pack.task: Packer task: initialize from command line() 
protocols.moves.MonteCarlo: MonteCarlo:: last_accepted_score,lowest_score: -459.867 -459.867
protocols.motifs.Motif: Res1 name is TRP
protocols.motifs.Motif: atom1 name is CH2
protocols.motifs.Motif: atom2 name is CH2
protocols.motifs.Motif: atom3 name is CH1
core.pack.task: Packer task: initialize from command line() 
core.pack.task: Packer task: initialize from command line() 
core.pack.task: Packer task: initialize from command line() 
protocols.moves.MonteCarlo: MonteCarlo:: last_accepted_score,lowest_score: -458.961 -459.253
protocols.motifs.Motif: Res1 name is THR
protocols.motifs.Motif: atom1 name is CH2
protocols.motifs.Motif: atom2 name is CH2
protocols.motifs.Motif: atom3 name is CH1
protocols.motifs.Motif: Res1 name is TRP
protocols.motifs.Motif: atom1 name is aroC
protocols.motifs.Motif: atom2 name is aroC
protocols.motifs.Motif: atom3 name is aroC
protocols.motifs.Motif: Res1 name is TYR
protocols.motifs.Motif: atom1 name is Nhis
protocols.motifs.Motif: atom2 name is aroC
protocols.motifs.Motif: atom3 name is Nhis
core.pack.task: Packer task: initialize from command line() 
core.pack.task: Packer task: initialize from command line() 
core.pack.task: Packer task: initialize from command line() 
protocols.moves.MonteCarlo: MonteCarlo:: last_accepted_score,lowest_score: -462.769 -462.769
protocols.motifs.Motif: Res1 name is TRP
protocols.motifs.Motif: atom1 name is CH2
protocols.motifs.Motif: atom2 name is CH2
protocols.motifs.Motif: atom3 name is CH1
protocols.motifs.Motif: Res1 name is TYR
protocols.motifs.Motif: atom1 name is Nhis
protocols.motifs.Motif: atom2 name is aroC
protocols.motifs.Motif: atom3 name is Nhis
core.pack.task: Packer task: initialize from command line() 
core.pack.task: Packer task: initialize from command line() 
core.pack.task: Packer task: initialize from command line() 
protocols.moves.MonteCarlo: MonteCarlo:: last_accepted_score,lowest_score: -462.205 -463.075
protocols.motifs.Motif: Res1 name is TRP
protocols.motifs.Motif: atom1 name is CH2
protocols.motifs.Motif: atom2 name is CH1
protocols.motifs.Motif: atom3 name is CH1
protocols.motifs.Motif: Res1 name is TYR
protocols.motifs.Motif: atom1 name is Nhis
protocols.motifs.Motif: atom2 name is aroC
protocols.motifs.Motif: atom3 name is Nhis
core.pack.task: Packer task: initialize from command line() 
core.pack.task: Packer task: initialize from command line() 
core.pack.task: Packer task: initialize from command line() 
protocols.moves.MonteCarlo: MonteCarlo:: last_accepted_score,lowest_score: -462.395 -462.395
protocols.motifs.Motif: Res1 name is THR
protocols.motifs.Motif: atom1 name is CH2
protocols.motifs.Motif: atom2 name is CH2
protocols.motifs.Motif: atom3 name is CH2
protocols.motifs.Motif: Res1 name is TRP
protocols.motifs.Motif: atom1 name is aroC
protocols.motifs.Motif: atom2 name is aroC
protocols.motifs.Motif: atom3 name is aroC
protocols.motifs.Motif: Res1 name is TYR
protocols.motifs.Motif: atom1 name is aroC
protocols.motifs.Motif: atom2 name is aroC
protocols.motifs.Motif: atom3 name is aroC
core.pack.task: Packer task: initialize from command line() 
core.pack.task: Packer task: initialize from command line() 
core.pack.task: Packer task: initialize from command line() 
protocols.moves.MonteCarlo: MonteCarlo:: last_accepted_score,lowest_score: -461.189 -461.657
protocols.motifs.Motif: Res1 name is TRP
protocols.motifs.Motif: atom1 name is aroC
protocols.motifs.Motif: atom2 name is aroC
protocols.motifs.Motif: atom3 name is aroC
core.pack.task: Packer task: initialize from command line() 
core.pack.task: Packer task: initialize from command line() 
core.pack.task: Packer task: initialize from command line() 
protocols.moves.MonteCarlo: MonteCarlo:: last_accepted_score,lowest_score: -458.626 -459.963
protocols.motifs.Motif: Res1 name is TRP
protocols.motifs.Motif: atom1 name is aroC
protocols.motifs.Motif: atom2 name is aroC
protocols.motifs.Motif: atom3 name is aroC
core.pack.task: Packer task: initialize from command line() 
core.pack.task: Packer task: initialize from command line() 
core.pack.task: Packer task: initialize from command line() 
protocols.moves.MonteCarlo: MonteCarlo:: last_accepted_score,lowest_score: -463.962 -463.962
protocols.motifs.Motif: Res1 name is THR
protocols.motifs.Motif: atom1 name is Npro
protocols.motifs.Motif: atom2 name is COO
protocols.motifs.Motif: atom3 name is ONH2
protocols.motifs.Motif: Res1 name is TRP
protocols.motifs.Motif: atom1 name is Ntrp
protocols.motifs.Motif: atom2 name is COO
protocols.motifs.Motif: atom3 name is ONH2
protocols.motifs.Motif: Res1 name is TYR
protocols.motifs.Motif: atom1 name is aroC
protocols.motifs.Motif: atom2 name is aroC
protocols.motifs.Motif: atom3 name is aroC
core.pack.task: Packer task: initialize from command line() 
core.pack.task: Packer task: initialize from command line() 
core.pack.task: Packer task: initialize from command line() 
protocols.moves.MonteCarlo: MonteCarlo:: last_accepted_score,lowest_score: -460.202 -460.202
protocols.motifs.Motif: Res1 name is THR
protocols.motifs.Motif: atom1 name is aroC
protocols.motifs.Motif: atom2 name is Nhis
protocols.motifs.Motif: atom3 name is aroC
protocols.motifs.Motif: Res1 name is TRP
protocols.motifs.Motif: atom1 name is aroC
protocols.motifs.Motif: atom2 name is aroC
protocols.motifs.Motif: atom3 name is aroC
core.pack.task: Packer task: initialize from command line() 
core.pack.task: Packer task: initialize from command line() 
core.pack.task: Packer task: initialize from command line() 
protocols.moves.MonteCarlo: MonteCarlo:: last_accepted_score,lowest_score: -463.375 -463.375
protocols.motifs.Motif: Res1 name is TRP
protocols.motifs.Motif: atom1 name is Ntrp
protocols.motifs.Motif: atom2 name is COO
protocols.motifs.Motif: atom3 name is ONH2
core.pack.task: Packer task: initialize from command line() 
core.pack.task: Packer task: initialize from command line() 
core.pack.task: Packer task: initialize from command line() 
protocols.moves.MonteCarlo: MonteCarlo:: last_accepted_score,lowest_score: -460.798 -460.887
protocols.motifs.Motif: Res1 name is LEU
protocols.motifs.Motif: atom1 name is aroC
protocols.motifs.Motif: atom2 name is aroC
protocols.motifs.Motif: atom3 name is aroC
protocols.motifs.Motif: Res1 name is THR
protocols.motifs.Motif: atom1 name is aroC
protocols.motifs.Motif: atom2 name is Nhis
protocols.motifs.Motif: atom3 name is aroC
protocols.motifs.Motif: Res1 name is TRP
protocols.motifs.Motif: atom1 name is aroC
protocols.motifs.Motif: atom2 name is aroC
protocols.motifs.Motif: atom3 name is aroC
core.pack.task: Packer task: initialize from command line() 
core.pack.task: Packer task: initialize from command line() 
core.pack.task: Packer task: initialize from command line() 
protocols.moves.MonteCarlo: MonteCarlo:: last_accepted_score,lowest_score: -459.934 -460.533
protocols.motifs.Motif: Res1 name is TRP
protocols.motifs.Motif: atom1 name is aroC
protocols.motifs.Motif: atom2 name is Nhis
protocols.motifs.Motif: atom3 name is aroC
core.pack.task: Packer task: initialize from command line() 
core.pack.task: Packer task: initialize from command line() 
core.pack.task: Packer task: initialize from command line() 
protocols.moves.MonteCarlo: MonteCarlo:: last_accepted_score,lowest_score: -461.282 -461.753
protocols.motifs.Motif: Res1 name is LEU
protocols.motifs.Motif: atom1 name is aroC
protocols.motifs.Motif: atom2 name is aroC
protocols.motifs.Motif: atom3 name is aroC
protocols.motifs.Motif: Res1 name is TRP
protocols.motifs.Motif: atom1 name is Ntrp
protocols.motifs.Motif: atom2 name is COO
protocols.motifs.Motif: atom3 name is ONH2
core.pack.task: Packer task: initialize from command line() 
core.pack.task: Packer task: initialize from command line() 
core.pack.task: Packer task: initialize from command line() 
protocols.moves.MonteCarlo: MonteCarlo:: last_accepted_score,lowest_score: -460.104 -460.104
protocols.motifs.Motif: Res1 name is THR
protocols.motifs.Motif: atom1 name is Ntrp
protocols.motifs.Motif: atom2 name is COO
protocols.motifs.Motif: atom3 name is ONH2
protocols.motifs.Motif: Res1 name is TRP
protocols.motifs.Motif: atom1 name is CH2
protocols.motifs.Motif: atom2 name is CH2
protocols.motifs.Motif: atom3 name is CH2
protocols.motifs.Motif: Res1 name is TYR
protocols.motifs.Motif: atom1 name is CH2
protocols.motifs.Motif: atom2 name is CH2
protocols.motifs.Motif: atom3 name is CH1
core.pack.task: Packer task: initialize from command line() 
core.pack.task: Packer task: initialize from command line() 
core.pack.task: Packer task: initialize from command line() 
protocols.moves.MonteCarlo: MonteCarlo:: last_accepted_score,lowest_score: -463.17 -463.17
protocols.motifs.Motif: Res1 name is ASP
protocols.motifs.Motif: atom1 name is CH3
protocols.motifs.Motif: atom2 name is NH2O
protocols.motifs.Motif: atom3 name is CH1
protocols.motifs.Motif: Res1 name is TRP
protocols.motifs.Motif: atom1 name is Nhis
protocols.motifs.Motif: atom2 name is aroC
protocols.motifs.Motif: atom3 name is Nhis
protocols.motifs.Motif: Res1 name is TYR
protocols.motifs.Motif: atom1 name is aroC
protocols.motifs.Motif: atom2 name is aroC
protocols.motifs.Motif: atom3 name is aroC
core.pack.task: Packer task: initialize from command line() 
core.pack.task: Packer task: initialize from command line() 
core.pack.task: Packer task: initialize from command line() 
protocols.moves.MonteCarlo: MonteCarlo:: last_accepted_score,lowest_score: -462.348 -462.348
protocols.motifs.Motif: Res1 name is THR
protocols.motifs.Motif: atom1 name is CH2
protocols.motifs.Motif: atom2 name is CH2
protocols.motifs.Motif: atom3 name is CH1
protocols.motifs.Motif: Res1 name is TRP
protocols.motifs.Motif: atom1 name is CH2
protocols.motifs.Motif: atom2 name is CH2
protocols.motifs.Motif: atom3 name is CH1
core.pack.task: Packer task: initialize from command line() 
core.pack.task: Packer task: initialize from command line() 
core.pack.task: Packer task: initialize from command line() 
protocols.moves.MonteCarlo: MonteCarlo:: last_accepted_score,lowest_score: -462.702 -462.702
protocols.motifs.Motif: Res1 name is TRP
protocols.motifs.Motif: atom1 name is Nhis
protocols.motifs.Motif: atom2 name is aroC
protocols.motifs.Motif: atom3 name is Nhis
protocols.motifs.Motif: Res1 name is TYR
protocols.motifs.Motif: atom1 name is CH2
protocols.motifs.Motif: atom2 name is CH1
protocols.motifs.Motif: atom3 name is CH1
core.pack.task: Packer task: initialize from command line() 
core.pack.task: Packer task: initialize from command line() 
core.pack.task: Packer task: initialize from command line() 
protocols.moves.MonteCarlo: MonteCarlo:: last_accepted_score,lowest_score: -463.103 -463.103
protocols.motifs.Motif: Res1 name is TRP
protocols.motifs.Motif: atom1 name is Npro
protocols.motifs.Motif: atom2 name is COO
protocols.motifs.Motif: atom3 name is ONH2
protocols.motifs.Motif: Res1 name is TYR
protocols.motifs.Motif: atom1 name is CH2
protocols.motifs.Motif: atom2 name is CH2
protocols.motifs.Motif: atom3 name is CH1
core.pack.task: Packer task: initialize from command line() 
core.pack.task: Packer task: initialize from command line() 
core.pack.task: Packer task: initialize from command line() 
protocols.moves.MonteCarlo: MonteCarlo:: last_accepted_score,lowest_score: -464.077 -464.077
protocols.motifs.Motif: Res1 name is LYS
protocols.motifs.Motif: atom1 name is aroC
protocols.motifs.Motif: atom2 name is Nhis
protocols.motifs.Motif: atom3 name is aroC
protocols.motifs.Motif: Res1 name is THR
protocols.motifs.Motif: atom1 name is aroC
protocols.motifs.Motif: atom2 name is aroC
protocols.motifs.Motif: atom3 name is aroC
protocols.motifs.Motif: Res1 name is TRP
protocols.motifs.Motif: atom1 name is CH3
protocols.motifs.Motif: atom2 name is NH2O
protocols.motifs.Motif: atom3 name is CH1
core.pack.task: Packer task: initialize from command line() 
core.pack.task: Packer task: initialize from command line() 
core.pack.task: Packer task: initialize from command line() 
protocols.moves.MonteCarlo: MonteCarlo:: last_accepted_score,lowest_score: -463.602 -463.602
protocols.motifs.Motif: Res1 name is LYS
protocols.motifs.Motif: atom1 name is Nhis
protocols.motifs.Motif: atom2 name is aroC
protocols.motifs.Motif: atom3 name is Nhis
protocols.motifs.Motif: Res1 name is THR
protocols.motifs.Motif: atom1 name is aroC
protocols.motifs.Motif: atom2 name is aroC
protocols.motifs.Motif: atom3 name is aroC
protocols.motifs.Motif: Res1 name is TRP
protocols.motifs.Motif: atom1 name is Ntrp
protocols.motifs.Motif: atom2 name is COO
protocols.motifs.Motif: atom3 name is ONH2
protocols.motifs.Motif: Res1 name is TYR
protocols.motifs.Motif: atom1 name is CH2
protocols.motifs.Motif: atom2 name is CH2
protocols.motifs.Motif: atom3 name is CH1
core.pack.task: Packer task: initialize from command line() 
core.pack.task: Packer task: initialize from command line() 
core.pack.task: Packer task: initialize from command line() 
protocols.moves.MonteCarlo: MonteCarlo:: last_accepted_score,lowest_score: -458.952 -458.952
core.pack.task: Packer task: initialize from command line() 
core.pack.task: Packer task: initialize from command line() 
core.pack.task: Packer task: initialize from command line() 
protocols.moves.MonteCarlo: MonteCarlo:: last_accepted_score,lowest_score: -459.394 -459.394
protocols.motifs.Motif: Res1 name is TRP
protocols.motifs.Motif: atom1 name is aroC
protocols.motifs.Motif: atom2 name is Nhis
protocols.motifs.Motif: atom3 name is aroC
core.pack.task: Packer task: initialize from command line() 
core.pack.task: Packer task: initialize from command line() 
core.pack.task: Packer task: initialize from command line() 
protocols.moves.MonteCarlo: MonteCarlo:: last_accepted_score,lowest_score: -467.218 -467.218
protocols.motifs.Motif: Res1 name is LEU
protocols.motifs.Motif: atom1 name is aroC
protocols.motifs.Motif: atom2 name is aroC
protocols.motifs.Motif: atom3 name is aroC
protocols.motifs.Motif: Res1 name is TRP
protocols.motifs.Motif: atom1 name is aroC
protocols.motifs.Motif: atom2 name is aroC
protocols.motifs.Motif: atom3 name is aroC
protocols.motifs.Motif: Res1 name is TYR
protocols.motifs.Motif: atom1 name is CH2
protocols.motifs.Motif: atom2 name is CH1
protocols.motifs.Motif: atom3 name is CH1
core.pack.task: Packer task: initialize from command line() 
core.pack.task: Packer task: initialize from command line() 
core.pack.task: Packer task: initialize from command line() 
protocols.moves.MonteCarlo: MonteCarlo:: last_accepted_score,lowest_score: -458.82 -458.82
protocols.motifs.Motif: Res1 name is TRP
protocols.motifs.Motif: atom1 name is aroC
protocols.motifs.Motif: atom2 name is aroC
protocols.motifs.Motif: atom3 name is aroC
core.pack.task: Packer task: initialize from command line() 
core.pack.task: Packer task: initialize from command line() 
core.pack.task: Packer task: initialize from command line() 
protocols.moves.MonteCarlo: MonteCarlo:: last_accepted_score,lowest_score: -460.49 -461.922
protocols.motifs.Motif: Res1 name is TRP
protocols.motifs.Motif: atom1 name is Ntrp
protocols.motifs.Motif: atom2 name is COO
protocols.motifs.Motif: atom3 name is ONH2
protocols.motifs.Motif: Res1 name is TYR
protocols.motifs.Motif: atom1 name is CH2
protocols.motifs.Motif: atom2 name is CH2
protocols.motifs.Motif: atom3 name is CH2
core.pack.task: Packer task: initialize from command line() 
core.pack.task: Packer task: initialize from command line() 
core.pack.task: Packer task: initialize from command line() 
protocols.moves.MonteCarlo: MonteCarlo:: last_accepted_score,lowest_score: -463.406 -463.406
protocols.motifs.Motif: Res1 name is LEU
protocols.motifs.Motif: atom1 name is CH2
protocols.motifs.Motif: atom2 name is CH2
protocols.motifs.Motif: atom3 name is CH2
protocols.motifs.Motif: Res1 name is TRP
protocols.motifs.Motif: atom1 name is CH2
protocols.motifs.Motif: atom2 name is CH2
protocols.motifs.Motif: atom3 name is CH1
protocols.motifs.Motif: Res1 name is TYR
protocols.motifs.Motif: atom1 name is CH3
protocols.motifs.Motif: atom2 name is NH2O
protocols.motifs.Motif: atom3 name is CH1
core.pack.task: Packer task: initialize from command line() 
core.pack.task: Packer task: initialize from command line() 
core.pack.task: Packer task: initialize from command line() 
protocols.moves.MonteCarlo: MonteCarlo:: last_accepted_score,lowest_score: -461.729 -461.729
protocols.motifs.Motif: Res1 name is THR
protocols.motifs.Motif: atom1 name is aroC
protocols.motifs.Motif: atom2 name is aroC
protocols.motifs.Motif: atom3 name is aroC
protocols.motifs.Motif: Res1 name is TRP
protocols.motifs.Motif: atom1 name is aroC
protocols.motifs.Motif: atom2 name is aroC
protocols.motifs.Motif: atom3 name is aroC
core.pack.task: Packer task: initialize from command line() 
core.pack.task: Packer task: initialize from command line() 
core.pack.task: Packer task: initialize from command line() 
protocols.moves.MonteCarlo: MonteCarlo:: last_accepted_score,lowest_score: -393.772 -393.772
protocols.motifs.Motif: Res1 name is LEU
protocols.motifs.Motif: atom1 name is CH3
protocols.motifs.Motif: atom2 name is CH1
protocols.motifs.Motif: atom3 name is CH1
protocols.motifs.Motif: Res1 name is THR
protocols.motifs.Motif: atom1 name is aroC
protocols.motifs.Motif: atom2 name is aroC
protocols.motifs.Motif: atom3 name is aroC
protocols.motifs.Motif: Res1 name is TRP
protocols.motifs.Motif: atom1 name is CH3
protocols.motifs.Motif: atom2 name is CH1
protocols.motifs.Motif: atom3 name is CH1
protocols.motifs.Motif: Res1 name is TYR
protocols.motifs.Motif: atom1 name is CH2
protocols.motifs.Motif: atom2 name is CH2
protocols.motifs.Motif: atom3 name is CH1
core.pack.task: Packer task: initialize from command line() 
core.pack.task: Packer task: initialize from command line() 
core.pack.task: Packer task: initialize from command line() 
protocols.moves.MonteCarlo: MonteCarlo:: last_accepted_score,lowest_score: -460.842 -461.584
protocols.motifs.Motif: Res1 name is THR
protocols.motifs.Motif: atom1 name is CH3
protocols.motifs.Motif: atom2 name is NH2O
protocols.motifs.Motif: atom3 name is CH1
protocols.motifs.Motif: Res1 name is TYR
protocols.motifs.Motif: atom1 name is aroC
protocols.motifs.Motif: atom2 name is aroC
protocols.motifs.Motif: atom3 name is aroC
core.pack.task: Packer task: initialize from command line() 
core.pack.task: Packer task: initialize from command line() 
core.pack.task: Packer task: initialize from command line() 
protocols.moves.MonteCarlo: MonteCarlo:: last_accepted_score,lowest_score: -464.194 -464.818
protocols.motifs.Motif: Res1 name is THR
protocols.motifs.Motif: atom1 name is aroC
protocols.motifs.Motif: atom2 name is aroC
protocols.motifs.Motif: atom3 name is aroC
protocols.motifs.Motif: Res1 name is TRP
protocols.motifs.Motif: atom1 name is CH2
protocols.motifs.Motif: atom2 name is CH2
protocols.motifs.Motif: atom3 name is CH2
protocols.motifs.Motif: Res1 name is TYR
protocols.motifs.Motif: atom1 name is aroC
protocols.motifs.Motif: atom2 name is aroC
protocols.motifs.Motif: atom3 name is aroC
core.pack.task: Packer task: initialize from command line() 
core.pack.task: Packer task: initialize from command line() 
core.pack.task: Packer task: initialize from command line() 
protocols.moves.MonteCarlo: MonteCarlo:: last_accepted_score,lowest_score: -462.77 -462.77
protocols.motifs.Motif: Res1 name is THR
protocols.motifs.Motif: atom1 name is CH2
protocols.motifs.Motif: atom2 name is CH2
protocols.motifs.Motif: atom3 name is CH1
protocols.motifs.Motif: Res1 name is TRP
protocols.motifs.Motif: atom1 name is CH2
protocols.motifs.Motif: atom2 name is CH2
protocols.motifs.Motif: atom3 name is CH2
core.pack.task: Packer task: initialize from command line() 
core.pack.task: Packer task: initialize from command line() 
core.pack.task: Packer task: initialize from command line() 
protocols.moves.MonteCarlo: MonteCarlo:: last_accepted_score,lowest_score: -462.137 -463.976
protocols.motifs.Motif: Res1 name is TRP
protocols.motifs.Motif: atom1 name is COO
protocols.motifs.Motif: atom2 name is CH1
protocols.motifs.Motif: atom3 name is Npro
protocols.motifs.Motif: Res1 name is TYR
protocols.motifs.Motif: atom1 name is Ntrp
protocols.motifs.Motif: atom2 name is COO
protocols.motifs.Motif: atom3 name is ONH2
core.pack.task: Packer task: initialize from command line() 
core.pack.task: Packer task: initialize from command line() 
core.pack.task: Packer task: initialize from command line() 
protocols.moves.MonteCarlo: MonteCarlo:: last_accepted_score,lowest_score: -462.253 -462.335
protocols.motifs.Motif: Res1 name is LEU
protocols.motifs.Motif: atom1 name is aroC
protocols.motifs.Motif: atom2 name is aroC
protocols.motifs.Motif: atom3 name is aroC
protocols.motifs.Motif: Res1 name is THR
protocols.motifs.Motif: atom1 name is Nhis
protocols.motifs.Motif: atom2 name is aroC
protocols.motifs.Motif: atom3 name is Nhis
protocols.motifs.Motif: Res1 name is TRP
protocols.motifs.Motif: atom1 name is aroC
protocols.motifs.Motif: atom2 name is aroC
protocols.motifs.Motif: atom3 name is aroC
core.pack.task: Packer task: initialize from command line() 
core.pack.task: Packer task: initialize from command line() 
core.pack.task: Packer task: initialize from command line() 
protocols.moves.MonteCarlo: MonteCarlo:: last_accepted_score,lowest_score: -461.472 -461.631
protocols.motifs.Motif: Res1 name is THR
protocols.motifs.Motif: atom1 name is aroC
protocols.motifs.Motif: atom2 name is aroC
protocols.motifs.Motif: atom3 name is aroC
protocols.motifs.Motif: Res1 name is TRP
protocols.motifs.Motif: atom1 name is aroC
protocols.motifs.Motif: atom2 name is aroC
protocols.motifs.Motif: atom3 name is aroC
protocols.motifs.Motif: Res1 name is TYR
protocols.motifs.Motif: atom1 name is aroC
protocols.motifs.Motif: atom2 name is aroC
protocols.motifs.Motif: atom3 name is aroC
core.pack.task: Packer task: initialize from command line() 
core.pack.task: Packer task: initialize from command line() 
core.pack.task: Packer task: initialize from command line() 
protocols.moves.MonteCarlo: MonteCarlo:: last_accepted_score,lowest_score: -461.12 -461.968
protocols.motifs.Motif: Res1 name is TRP
protocols.motifs.Motif: atom1 name is Ntrp
protocols.motifs.Motif: atom2 name is COO
protocols.motifs.Motif: atom3 name is ONH2
protocols.motifs.Motif: Res1 name is TYR
protocols.motifs.Motif: atom1 name is aroC
protocols.motifs.Motif: atom2 name is aroC
protocols.motifs.Motif: atom3 name is aroC
core.pack.task: Packer task: initialize from command line() 
core.pack.task: Packer task: initialize from command line() 
core.pack.task: Packer task: initialize from command line() 
protocols.moves.MonteCarlo: MonteCarlo:: last_accepted_score,lowest_score: -461.688 -461.688
protocols.motifs.Motif: Res1 name is LEU
protocols.motifs.Motif: atom1 name is Nhis
protocols.motifs.Motif: atom2 name is aroC
protocols.motifs.Motif: atom3 name is Nhis
protocols.motifs.Motif: Res1 name is TRP
protocols.motifs.Motif: atom1 name is aroC
protocols.motifs.Motif: atom2 name is aroC
protocols.motifs.Motif: atom3 name is aroC
protocols.motifs.Motif: Res1 name is TYR
protocols.motifs.Motif: atom1 name is aroC
protocols.motifs.Motif: atom2 name is aroC
protocols.motifs.Motif: atom3 name is aroC
core.pack.task: Packer task: initialize from command line() 
core.pack.task: Packer task: initialize from command line() 
core.pack.task: Packer task: initialize from command line() 
protocols.moves.MonteCarlo: MonteCarlo:: last_accepted_score,lowest_score: -461.317 -461.521
protocols.motifs.Motif: Res1 name is TRP
protocols.motifs.Motif: atom1 name is aroC
protocols.motifs.Motif: atom2 name is aroC
protocols.motifs.Motif: atom3 name is aroC
protocols.motifs.Motif: Res1 name is TYR
protocols.motifs.Motif: atom1 name is aroC
protocols.motifs.Motif: atom2 name is aroC
protocols.motifs.Motif: atom3 name is aroC
core.pack.task: Packer task: initialize from command line() 
core.pack.task: Packer task: initialize from command line() 
core.pack.task: Packer task: initialize from command line() 
protocols.moves.MonteCarlo: MonteCarlo:: last_accepted_score,lowest_score: -463.494 -464.136
protocols.motifs.Motif: Res1 name is LEU
protocols.motifs.Motif: atom1 name is Ntrp
protocols.motifs.Motif: atom2 name is COO
protocols.motifs.Motif: atom3 name is ONH2
protocols.motifs.Motif: Res1 name is THR
protocols.motifs.Motif: atom1 name is Ntrp
protocols.motifs.Motif: atom2 name is COO
protocols.motifs.Motif: atom3 name is ONH2
protocols.motifs.Motif: Res1 name is TYR
protocols.motifs.Motif: atom1 name is aroC
protocols.motifs.Motif: atom2 name is aroC
protocols.motifs.Motif: atom3 name is aroC
core.pack.task: Packer task: initialize from command line() 
core.pack.task: Packer task: initialize from command line() 
core.pack.task: Packer task: initialize from command line() 
protocols.moves.MonteCarlo: MonteCarlo:: last_accepted_score,lowest_score: -460.648 -460.648
protocols.motifs.Motif: Res1 name is THR
protocols.motifs.Motif: atom1 name is Ntrp
protocols.motifs.Motif: atom2 name is COO
protocols.motifs.Motif: atom3 name is ONH2
protocols.motifs.Motif: Res1 name is TRP
protocols.motifs.Motif: atom1 name is aroC
protocols.motifs.Motif: atom2 name is aroC
protocols.motifs.Motif: atom3 name is aroC
protocols.motifs.Motif: Res1 name is TYR
protocols.motifs.Motif: atom1 name is Nhis
protocols.motifs.Motif: atom2 name is aroC
protocols.motifs.Motif: atom3 name is Nhis
core.pack.task: Packer task: initialize from command line() 
core.pack.task: Packer task: initialize from command line() 
core.pack.task: Packer task: initialize from command line() 
protocols.moves.MonteCarlo: MonteCarlo:: last_accepted_score,lowest_score: -463.443 -463.443
protocols.motifs.Motif: Res1 name is LEU
protocols.motifs.Motif: atom1 name is aroC
protocols.motifs.Motif: atom2 name is Nhis
protocols.motifs.Motif: atom3 name is aroC
protocols.motifs.Motif: Res1 name is THR
protocols.motifs.Motif: atom1 name is CH2
protocols.motifs.Motif: atom2 name is CH2
protocols.motifs.Motif: atom3 name is CH1
protocols.motifs.Motif: Res1 name is TRP
protocols.motifs.Motif: atom1 name is aroC
protocols.motifs.Motif: atom2 name is aroC
protocols.motifs.Motif: atom3 name is aroC
core.pack.task: Packer task: initialize from command line() 
core.pack.task: Packer task: initialize from command line() 
core.pack.task: Packer task: initialize from command line() 
protocols.moves.MonteCarlo: MonteCarlo:: last_accepted_score,lowest_score: -460.733 -460.733
protocols.motifs.Motif: Res1 name is THR
protocols.motifs.Motif: atom1 name is aroC
protocols.motifs.Motif: atom2 name is Nhis
protocols.motifs.Motif: atom3 name is aroC
protocols.motifs.Motif: Res1 name is TYR
protocols.motifs.Motif: atom1 name is Ntrp
protocols.motifs.Motif: atom2 name is COO
protocols.motifs.Motif: atom3 name is ONH2
core.pack.task: Packer task: initialize from command line() 
core.pack.task: Packer task: initialize from command line() 
core.pack.task: Packer task: initialize from command line() 
protocols.moves.MonteCarlo: MonteCarlo:: last_accepted_score,lowest_score: -461.454 -461.543
protocols.motifs.Motif: Res1 name is THR
protocols.motifs.Motif: atom1 name is Ntrp
protocols.motifs.Motif: atom2 name is COO
protocols.motifs.Motif: atom3 name is ONH2
protocols.motifs.Motif: Res1 name is TYR
protocols.motifs.Motif: atom1 name is aroC
protocols.motifs.Motif: atom2 name is aroC
protocols.motifs.Motif: atom3 name is aroC
core.pack.task: Packer task: initialize from command line() 
core.pack.task: Packer task: initialize from command line() 
core.pack.task: Packer task: initialize from command line() 
protocols.moves.MonteCarlo: MonteCarlo:: last_accepted_score,lowest_score: -458.454 -459.124
protocols.motifs.Motif: Res1 name is TRP
protocols.motifs.Motif: atom1 name is CH3
protocols.motifs.Motif: atom2 name is CH1
protocols.motifs.Motif: atom3 name is NH2O
protocols.motifs.Motif: Res1 name is TYR
protocols.motifs.Motif: atom1 name is Ntrp
protocols.motifs.Motif: atom2 name is COO
protocols.motifs.Motif: atom3 name is ONH2
core.pack.task: Packer task: initialize from command line() 
core.pack.task: Packer task: initialize from command line() 
core.pack.task: Packer task: initialize from command line() 
protocols.moves.MonteCarlo: MonteCarlo:: last_accepted_score,lowest_score: -461.709 -462.125
protocols.motifs.Motif: Res1 name is THR
protocols.motifs.Motif: atom1 name is aroC
protocols.motifs.Motif: atom2 name is aroC
protocols.motifs.Motif: atom3 name is aroC
protocols.motifs.Motif: Res1 name is TRP
protocols.motifs.Motif: atom1 name is CH2
protocols.motifs.Motif: atom2 name is CH2
protocols.motifs.Motif: atom3 name is CH1
protocols.motifs.Motif: Res1 name is TYR
protocols.motifs.Motif: atom1 name is Ntrp
protocols.motifs.Motif: atom2 name is COO
protocols.motifs.Motif: atom3 name is ONH2
core.pack.task: Packer task: initialize from command line() 
core.pack.task: Packer task: initialize from command line() 
core.pack.task: Packer task: initialize from command line() 
protocols.moves.MonteCarlo: MonteCarlo:: last_accepted_score,lowest_score: -463.558 -464.523
protocols.motifs.Motif: Res1 name is THR
protocols.motifs.Motif: atom1 name is aroC
protocols.motifs.Motif: atom2 name is Nhis
protocols.motifs.Motif: atom3 name is aroC
protocols.motifs.Motif: Res1 name is TRP
protocols.motifs.Motif: atom1 name is CH2
protocols.motifs.Motif: atom2 name is CH2
protocols.motifs.Motif: atom3 name is CH1
protocols.motifs.Motif: Res1 name is TYR
protocols.motifs.Motif: atom1 name is Ntrp
protocols.motifs.Motif: atom2 name is COO
protocols.motifs.Motif: atom3 name is ONH2
core.pack.task: Packer task: initialize from command line() 
core.pack.task: Packer task: initialize from command line() 
core.pack.task: Packer task: initialize from command line() 
protocols.moves.MonteCarlo: MonteCarlo:: last_accepted_score,lowest_score: -462.35 -462.35
protocols.motifs.Motif: Res1 name is THR
protocols.motifs.Motif: atom1 name is aroC
protocols.motifs.Motif: atom2 name is aroC
protocols.motifs.Motif: atom3 name is aroC
protocols.motifs.Motif: Res1 name is TRP
protocols.motifs.Motif: atom1 name is CH2
protocols.motifs.Motif: atom2 name is CH2
protocols.motifs.Motif: atom3 name is CH1
protocols.motifs.Motif: Res1 name is TYR
protocols.motifs.Motif: atom1 name is Ntrp
protocols.motifs.Motif: atom2 name is COO
protocols.motifs.Motif: atom3 name is ONH2
LigandDiscoverySearch.discover: Done iterating all trios, moving to next ligand
LigandDiscoverySearch.discover: Total passing attempts for ligand is 63
LigandDiscoverySearch.discover: Total clashing attempts for ligand is 1344
